
Running 1 test using 1 worker

  ✓  1 tests/verify_ui.spec.ts:3:5 › Verify UI Layouts (1.4s)

  1 passed (3.3s)
